// Jest Snapshot v1, https://goo.gl/fbAQLP

exports[`should render Loading Page correctly 1`] = `
<div
  className="form__error"
>
  <h5>
    Error
  </h5>
  <p>
    First Name, Last Name and Email are required fields
  </p>
</div>
`;
