// Jest Snapshot v1, https://goo.gl/fbAQLP

exports[`should render portfolio work correctly 1`] = `
<footer
  className="text-center p-4"
  id="main-footer"
>
  <div
    className="container"
  >
    <div
      className="row"
    >
      <div
        className="col"
      >
        <p>
          Copyright Â© 2019 | All Rights Reserved | Vishal Singh Rathore Online Portfolio
        </p>
      </div>
    </div>
  </div>
</footer>
`;
