// Jest Snapshot v1, https://goo.gl/fbAQLP

exports[`should render portfolio dashboard page correctly 1`] = `
<div>
  <Header />
  <PortfolioIntro />
  <PortfolioEducation />
</div>
`;
