// Jest Snapshot v1, https://goo.gl/fbAQLP

exports[`should render Loading Page correctly 1`] = `
<div
  className="form__success"
>
  <h5>
    Success
  </h5>
  <p>
    Your message has been delivered!
  </p>
</div>
`;
